[DATA_POINT]
1="tcp_connect"
2="tcp_connection_count"
3="mic_recv"
4="HTTP_200"
5="RETRY_KEEP_ALIVE"
6="tcp_shutdown"
[END_TRANSACTION]
1="vuser_init_Transaction"
2="http://127.0.0.1:1080/cgi-bin/welcome.pl?signOff=true"
3="http://127.0.0.1:1080/WebTours/home.html"
4="http://pki.goog/repo/certs/gts1c3.der"
5="http://pki.goog/repo/certs/gtsr1.der"
6="http://127.0.0.1:1080/cgi-bin/nav.pl?in=home"
7="http://127.0.0.1:1080/WebTours/images/mer_login.gif"
8="welcome.pl_Action_14"
9="Action_Transaction"
10="http://127.0.0.1:1080/cgi-bin/login.pl"
11="http://127.0.0.1:1080/WebTours/images/flights.gif"
12="http://127.0.0.1:1080/cgi-bin/nav.pl?page=menu&in=home"
13="http://127.0.0.1:1080/cgi-bin/login.pl?intro=true"
14="http://127.0.0.1:1080/WebTours/images/itinerary.gif"
15="http://127.0.0.1:1080/WebTours/images/in_home.gif"
16="http://127.0.0.1:1080/WebTours/images/signoff.gif"
17="login.pl_Action_30"
18="http://127.0.0.1:1080/cgi-bin/welcome.pl?page=search"
19="http://127.0.0.1:1080/cgi-bin/nav.pl?page=menu&in=flights"
20="http://127.0.0.1:1080/WebTours/images/in_flights.gif"
21="http://127.0.0.1:1080/WebTours/images/home.gif"
22="http://127.0.0.1:1080/WebTours/images/button_next.gif"
23="http://127.0.0.1:1080/cgi-bin/reservations.pl?page=welcome"
24="Search_Flights_Button_Action_46"
25="http://127.0.0.1:1080/cgi-bin/welcome.pl?page=itinerary"
26="http://127.0.0.1:1080/WebTours/images/cancelreservation.gif"
27="http://127.0.0.1:1080/WebTours/images/cancelallreservations.gif"
28="http://127.0.0.1:1080/WebTours/images/in_itinerary.gif"
29="http://127.0.0.1:1080/cgi-bin/itinerary.pl"
30="http://127.0.0.1:1080/cgi-bin/nav.pl?page=menu&in=itinerary"
31="Itinerary_Button_Action_51"
32="http://127.0.0.1:1080/cgi-bin/welcome.pl?page=menus"
33="Home_Button_Action_57"
34="Itinerary_Button_2_Action_63"
35="http://127.0.0.1:1080/cgi-bin/welcome.pl?signOff=1"
36="SignOff_Button_Action_69"
37="vuser_end_Transaction"
